
> my-v0-project@0.1.0 build
> next build

   Γû▓ Next.js 15.2.4
   - Environments: .env.local

   Creating an optimized production build ...
 Γ£ô Compiled successfully
   Skipping validation of types
   Skipping linting
   Collecting page data ...
   Generating static pages (0/38) ...
[v0] Admin page - loading...
node.exe : ReferenceError: location is not defined
At C:\nvm4w\nodejs\npm.ps1:29 char:3
+   & $NODE_EXE $NPM_CLI_JS $args
+   ~~~~~~~~~~~~~~~~~~~~~~~~~~~~~
    + CategoryInfo          : NotSpecified: (ReferenceError: location is not defined:String) [], RemoteException
    + FullyQualifiedErrorId : NativeCommandError
 
    at b (F:\Fiverr Order\Client_2\v0-rank-main\.next\server\app\admin\settings\page.js:1:2562)
   Generating static pages (9/38) 
   Generating static pages (18/38) 
   Generating static pages (28/38) 
 Γ£ô Generating static pages (38/38)
   Finalizing page optimization ...
   Collecting build traces ...

Route (app)                                 Size  First Load JS
Γöî Γùï /                                    6.26 kB         191 kB
Γö£ Γùï /_not-found                            980 B         102 kB
Γö£ Γùï /about                                 206 B         172 kB
Γö£ Γùï /admin                               3.97 kB         183 kB
Γö£ Γùï /admin/blog                          3.75 kB         186 kB
Γö£ ╞Æ /admin/blog/[id]                     4.48 kB         213 kB
Γö£ Γùï /admin/blog/new                      4.49 kB         213 kB
Γö£ Γùï /admin/login                           383 B         101 kB
Γö£ Γùï /admin/orders                        3.81 kB         183 kB
Γö£ ╞Æ /admin/orders/[id]                   5.36 kB         206 kB
Γö£ Γùï /admin/packages                      11.6 kB         214 kB
Γö£ ╞Æ /admin/packages/[id]                 7.65 kB         212 kB
Γö£ Γùï /admin/packages/new                  5.72 kB         214 kB
Γö£ Γùï /admin/payments                      3.34 kB         182 kB
Γö£ Γùï /admin/settings                      4.85 kB         170 kB
Γö£ Γùï /admin/setup                         1.53 kB         170 kB
Γö£ Γùï /admin/sites                         3.84 kB         186 kB
Γö£ ╞Æ /admin/sites/[id]                       6 kB         215 kB
Γö£ Γùï /admin/sites/new                     5.49 kB         214 kB
Γö£ Γùï /admin/users                         3.47 kB         182 kB
Γö£ Γùï /auth/login                          2.68 kB         175 kB
Γö£ ╞Æ /auth/logout                           157 B         101 kB
Γö£ Γùï /auth/signup                         2.98 kB         175 kB
Γö£ Γùï /blog                                4.11 kB         176 kB
Γö£ ╞Æ /blog/[slug]                         3.23 kB         177 kB
Γö£ Γùï /checkout                            6.07 kB         183 kB
Γö£ Γùï /checkout/success                    4.13 kB         176 kB
Γö£ Γùï /combo-pack                            201 B         172 kB
Γö£ Γùï /contact                               867 B         172 kB
Γö£ Γùï /dashboard                           6.76 kB         188 kB
Γö£ Γùï /dashboard/billing                   7.45 kB         205 kB
Γö£ Γùï /dashboard/my-orders                 4.73 kB         211 kB
Γö£ ╞Æ /dashboard/orders/[id]               4.04 kB         184 kB
Γö£ Γùï /dashboard/profile                   4.56 kB         185 kB
Γö£ Γùï /dashboard/support                   7.28 kB         217 kB
Γö£ Γùï /login                                 157 B         101 kB
Γö£ Γùï /marketplace                         4.84 kB         189 kB
Γö£ Γùï /packages                            6.57 kB         183 kB
Γö£ Γùï /privacy                               206 B         172 kB
Γö£ Γùï /sites                                 201 B         172 kB
Γö£ Γùï /support                             2.96 kB         177 kB
Γöö Γùï /terms                                 206 B         172 kB
+ First Load JS shared by all             101 kB
  Γö£ chunks/1acdb12c-153aab092cb0e04b.js  53.2 kB
  Γö£ chunks/5575-e4387e3961399019.js      45.8 kB
  Γöö other shared chunks (total)          1.99 kB


╞Æ Middleware                             32.6 kB

Γùï  (Static)   prerendered as static content
╞Æ  (Dynamic)  server-rendered on demand

